== head 9dcdd27, kasumi, Linux 7.2.8-1-cachyos x86_64, taskset -c 0-3, WOLF_PAIRING_REQUIRE_SIBLING=1
d7494de01630226ace7fd938cb68fa4b8387ed79a33696a0a76ceac67c93f7e9  -
wolf 0.2.24 (wolfgang, pin 294d626)
paired with lupin 0.1.47 (reference interpreter), pin 8e36bc1
lupin 0.1.47 (wolf-interp, reference interpreter at pin 8e36bc1)
fmt rc=0
build: target/native/pelt
build: target/release/pelt
build rc=0
test ./sh_test.lu::main ... ok
wolf test: 1 passed; 0 failed; 0 rejected; 0 unsupported; 0 filtered out
test rc=0
difftest: pelt = /home/mfwolffe/lanes/sh01/pelt/target/native/pelt
difftest: oracle = dash 0.5.13.4-1.1 — the oracle of record (kasumi, CachyOS linux x86-64, /usr/bin/dash sha256 c6221703b6197ce2…)
ok   arith/assign_ops
ok   arith/assign_var
ok   arith/basic
ok   arith/compare
ok   arith/divzero
ok   arith/hex_octal
ok   arith/illegal_value
ok   arith/logical
ok   arith/negative_div
ok   arith/nested
ok   arith/overflow
ok   arith/precedence
ok   arith/shifts_bits
ok   arith/short_circuit
ok   arith/spaces_newlines
ok   arith/syntax_error
ok   arith/ternary
ok   arith/unary
ok   arith/variables
ok   builtin/bracket
ok   builtin/break_n
ok   builtin/break_outside
PEND-fail builtin/cd (waits on chdir)
ok   builtin/colon_true_false
ok   builtin/command_bypass
ok   builtin/command_v
ok   builtin/continue_n
PEND-fail builtin/dot (waits on redirection)
ok   builtin/echo_escapes
ok   builtin/echo_n
ok   builtin/eval
ok   builtin/eval_syntax_error
ok   builtin/exec
ok   builtin/exit_code
ok   builtin/exit_default
ok   builtin/exit_in_function
ok   builtin/export_p
ok   builtin/getopts
ok   builtin/getopts_bad
ok   builtin/local
ok   builtin/printf_b
ok   builtin/printf_bad_number
ok   builtin/printf_char_value
ok   builtin/printf_escapes
ok   builtin/printf_formats
ok   builtin/printf_reuse
ok   builtin/printf_unsigned
ok   builtin/printf_width_star
ok   builtin/printf_zero_pad
ok   builtin/pwd
ok   builtin/read
ok   builtin/read_ifs
ok   builtin/read_raw
ok   builtin/readonly_error
ok   builtin/readonly_p
ok   builtin/return_status
ok   builtin/return_top
ok   builtin/set_positional
ok   builtin/shift
ok   builtin/shift_error
ok   builtin/test_errors
ok   builtin/test_files
ok   builtin/test_integers
ok   builtin/test_logic
ok   builtin/test_string_order
ok   builtin/test_strings
PEND-fail builtin/times (waits on redirection)
ok   builtin/trap_exit
ok   builtin/trap_exit_status
ok   builtin/trap_in_exit
ok   builtin/trap_print
ok   builtin/trap_reset
ok   builtin/unset
ok   builtin/unset_readonly
ok   cmdsub/backquote
ok   cmdsub/basic
ok   cmdsub/case_inside
ok   cmdsub/empty
ok   cmdsub/exit_inside
PEND-fail cmdsub/external (waits on capture)
ok   cmdsub/function
ok   cmdsub/in_dquotes
ok   cmdsub/isolation
ok   cmdsub/nested
ok   cmdsub/status
ok   cmdsub/trailing_newlines
ok   control/and_or
PEND-ok   control/async_list (waits on background jobs)
ok   control/brace_group
ok   control/case_basic
ok   control/case_fallthrough
ok   control/case_multi
ok   control/case_quoted_pattern
ok   control/case_status
ok   control/for_empty
ok   control/for_in
ok   control/for_positional
ok   control/for_var_after
ok   control/if_elif_else
ok   control/if_status
ok   control/loop_status
ok   control/nested_loops
ok   control/not
PEND-fail control/pipeline (waits on pipe)
ok   control/subshell
ok   control/until
ok   control/while
ok   control/while_break_value
ok   func/args
ok   func/basic
ok   func/compound_body
ok   func/global_assign
ok   func/in_cmdsub
ok   func/name_shadows_builtin
ok   func/positional_restore
ok   func/recursion
ok   func/redefine
ok   func/return_in_loop
ok   func/status_of_def
ok   func/temp_assign
PEND-fail func/unset_f (waits on redirection)
ok   glob/bracket
ok   glob/class
ok   glob/dirs_only
ok   glob/hidden
ok   glob/in_for
ok   glob/no_match
ok   glob/noglob
ok   glob/path
ok   glob/question
ok   glob/quoted
ok   glob/sorted
ok   glob/star
ok   option/allexport
ok   option/bad_option
ok   option/dollar_dash
ok   option/errexit
ok   option/errexit_andor
ok   option/errexit_function
ok   option/errexit_if
ok   option/errexit_not
ok   option/errexit_subshell
ok   option/errexit_while
ok   option/noglob
ok   option/nounset
ok   option/nounset_positional
ok   option/set_o
ok   option/xtrace
ok   param/alternative
ok   param/assign
ok   param/assign_positional_error
ok   param/at_empty
ok   param/at_in_word
ok   param/at_star
ok   param/bad_substitution
ok   param/concat
ok   param/default
ok   param/default_split
ok   param/dollar_alone
ok   param/error_null
ok   param/error_unset
ok   param/ifs_star
ok   param/length
ok   param/length_all
ok   param/lineno
ok   param/nested
ok   param/positional
ok   param/simple
ok   param/status
ok   param/ten
ok   param/trim_prefix
ok   param/trim_quoted
ok   param/trim_suffix
ok   param/trim_var_pattern
ok   param/underscore_names
ok   param/unset_var
ok   param/zero
ok   parse/arith_ok
ok   parse/bad_funcname
ok   parse/bang_ok
ok   parse/case_no_in
ok   parse/cmdsub_nested_ok
ok   parse/comments_ok
ok   parse/compound_ok
ok   parse/continuation_ok
ok   parse/done_late
ok   parse/empty_brace
ok   parse/fi_unexpected
ok   parse/for_bad_name
ok   parse/func_simple_body
ok   parse/heredoc_ok
ok   parse/leading_semicolon
ok   parse/missing_done
ok   parse/missing_esac
ok   parse/missing_fi
ok   parse/missing_then
ok   parse/newlines_ok
ok   parse/quotes_ok
ok   parse/redirect_no_target
ok   parse/redirs_ok
ok   parse/simple_ok
ok   parse/stray_dsemi
ok   parse/stray_paren
ok   parse/then_empty
ok   parse/trailing_andand
ok   parse/trailing_pipe
ok   parse/two_heredocs_ok
ok   parse/unterminated_backquote
ok   parse/unterminated_cmdsub
ok   parse/unterminated_dquote
ok   parse/unterminated_squote
PEND-ok   pending/background (waits on background jobs)
PEND-fail pending/cd_subshell (waits on chdir)
PEND-fail pending/child_stdin (waits on child stdin)
PEND-fail pending/heredoc (waits on redirection)
PEND-ok   pending/pid (waits on getpid)
PEND-fail pending/pipeline_status (waits on pipe)
PEND-fail pending/redirect_err (waits on redirection)
PEND-fail pending/redirect_out (waits on redirection)
PEND-fail pending/signal_status (waits on signal number)
PEND-fail pending/unset_env (waits on env unset)
ok   quote/backslash
ok   quote/continuation
ok   quote/dollar_single
ok   quote/double
ok   quote/dq_in_param
ok   quote/empty_args
ok   quote/mixed
ok   quote/newline_inside
ok   quote/single
ok   quote/special_chars
ok   quote/tab
ok   simple/assign_expansion
ok   simple/assign_only
ok   simple/assign_status
ok   simple/command_name_from_var
ok   simple/empty_command
ok   simple/external
ok   simple/external_args
ok   simple/external_env
ok   simple/not_found
ok   simple/path_search
ok   simple/persist_special
ok   simple/readonly_assign
ok   simple/slash_not_found
ok   simple/temp_builtin
ok   split/cmdsub
ok   split/colon
ok   split/default
ok   split/empty_ifs
ok   split/empty_unquoted
ok   split/ifs_digits
ok   split/joined_word
ok   split/leading_colon
ok   split/literal_not_split
ok   split/mixed_ifs
ok   split/quoted
ok   split/unset_ifs
ok   tilde/assign
ok   tilde/home
PEND-fail tilde/middle (waits on redirection)
ok   tilde/unset_home
PEND-fail tilde/user (waits on user database)
difftest: area        pass  fail  pending (of which pass)
difftest: arith         19     0     0 (0)
difftest: builtin       52     0     3 (0)
difftest: cmdsub        11     0     1 (0)
difftest: control       20     0     2 (1)
difftest: func          12     0     1 (0)
difftest: glob          12     0     0 (0)
difftest: option        15     0     0 (0)
difftest: param         29     0     0 (0)
difftest: parse         34     0     0 (0)
difftest: pending        0     0    10 (2)
difftest: quote         11     0     0 (0)
difftest: simple        14     0     0 (0)
difftest: split         12     0     0 (0)
difftest: tilde          3     0     2 (0)
difftest: total        244     0    19 (3)
native rc=0
difftest: pelt = /home/mfwolffe/lanes/sh01/pelt/target/release/pelt
difftest: oracle = dash 0.5.13.4-1.1 — the oracle of record (kasumi, CachyOS linux x86-64, /usr/bin/dash sha256 c6221703b6197ce2…)
ok   arith/assign_ops
ok   arith/assign_var
ok   arith/basic
ok   arith/compare
ok   arith/divzero
ok   arith/hex_octal
ok   arith/illegal_value
ok   arith/logical
ok   arith/negative_div
ok   arith/nested
ok   arith/overflow
ok   arith/precedence
ok   arith/shifts_bits
ok   arith/short_circuit
ok   arith/spaces_newlines
ok   arith/syntax_error
ok   arith/ternary
ok   arith/unary
ok   arith/variables
ok   builtin/bracket
ok   builtin/break_n
ok   builtin/break_outside
PEND-fail builtin/cd (waits on chdir)
ok   builtin/colon_true_false
ok   builtin/command_bypass
ok   builtin/command_v
ok   builtin/continue_n
PEND-fail builtin/dot (waits on redirection)
ok   builtin/echo_escapes
ok   builtin/echo_n
ok   builtin/eval
ok   builtin/eval_syntax_error
ok   builtin/exec
ok   builtin/exit_code
ok   builtin/exit_default
ok   builtin/exit_in_function
ok   builtin/export_p
ok   builtin/getopts
ok   builtin/getopts_bad
ok   builtin/local
ok   builtin/printf_b
ok   builtin/printf_bad_number
ok   builtin/printf_char_value
ok   builtin/printf_escapes
ok   builtin/printf_formats
ok   builtin/printf_reuse
ok   builtin/printf_unsigned
ok   builtin/printf_width_star
ok   builtin/printf_zero_pad
ok   builtin/pwd
ok   builtin/read
ok   builtin/read_ifs
ok   builtin/read_raw
ok   builtin/readonly_error
ok   builtin/readonly_p
ok   builtin/return_status
ok   builtin/return_top
ok   builtin/set_positional
ok   builtin/shift
ok   builtin/shift_error
ok   builtin/test_errors
ok   builtin/test_files
ok   builtin/test_integers
ok   builtin/test_logic
ok   builtin/test_string_order
ok   builtin/test_strings
PEND-fail builtin/times (waits on redirection)
ok   builtin/trap_exit
ok   builtin/trap_exit_status
ok   builtin/trap_in_exit
ok   builtin/trap_print
ok   builtin/trap_reset
ok   builtin/unset
ok   builtin/unset_readonly
ok   cmdsub/backquote
ok   cmdsub/basic
ok   cmdsub/case_inside
ok   cmdsub/empty
ok   cmdsub/exit_inside
PEND-fail cmdsub/external (waits on capture)
ok   cmdsub/function
ok   cmdsub/in_dquotes
ok   cmdsub/isolation
ok   cmdsub/nested
ok   cmdsub/status
ok   cmdsub/trailing_newlines
ok   control/and_or
PEND-ok   control/async_list (waits on background jobs)
ok   control/brace_group
ok   control/case_basic
ok   control/case_fallthrough
ok   control/case_multi
ok   control/case_quoted_pattern
ok   control/case_status
ok   control/for_empty
ok   control/for_in
ok   control/for_positional
ok   control/for_var_after
ok   control/if_elif_else
ok   control/if_status
ok   control/loop_status
ok   control/nested_loops
ok   control/not
PEND-fail control/pipeline (waits on pipe)
ok   control/subshell
ok   control/until
ok   control/while
ok   control/while_break_value
ok   func/args
ok   func/basic
ok   func/compound_body
ok   func/global_assign
ok   func/in_cmdsub
ok   func/name_shadows_builtin
ok   func/positional_restore
ok   func/recursion
ok   func/redefine
ok   func/return_in_loop
ok   func/status_of_def
ok   func/temp_assign
PEND-fail func/unset_f (waits on redirection)
ok   glob/bracket
ok   glob/class
ok   glob/dirs_only
ok   glob/hidden
ok   glob/in_for
ok   glob/no_match
ok   glob/noglob
ok   glob/path
ok   glob/question
ok   glob/quoted
ok   glob/sorted
ok   glob/star
ok   option/allexport
ok   option/bad_option
ok   option/dollar_dash
ok   option/errexit
ok   option/errexit_andor
ok   option/errexit_function
ok   option/errexit_if
ok   option/errexit_not
ok   option/errexit_subshell
ok   option/errexit_while
ok   option/noglob
ok   option/nounset
ok   option/nounset_positional
ok   option/set_o
ok   option/xtrace
ok   param/alternative
ok   param/assign
ok   param/assign_positional_error
ok   param/at_empty
ok   param/at_in_word
ok   param/at_star
ok   param/bad_substitution
ok   param/concat
ok   param/default
ok   param/default_split
ok   param/dollar_alone
ok   param/error_null
ok   param/error_unset
ok   param/ifs_star
ok   param/length
ok   param/length_all
ok   param/lineno
ok   param/nested
ok   param/positional
ok   param/simple
ok   param/status
ok   param/ten
ok   param/trim_prefix
ok   param/trim_quoted
ok   param/trim_suffix
ok   param/trim_var_pattern
ok   param/underscore_names
ok   param/unset_var
ok   param/zero
ok   parse/arith_ok
ok   parse/bad_funcname
ok   parse/bang_ok
ok   parse/case_no_in
ok   parse/cmdsub_nested_ok
ok   parse/comments_ok
ok   parse/compound_ok
ok   parse/continuation_ok
ok   parse/done_late
ok   parse/empty_brace
ok   parse/fi_unexpected
ok   parse/for_bad_name
ok   parse/func_simple_body
ok   parse/heredoc_ok
ok   parse/leading_semicolon
ok   parse/missing_done
ok   parse/missing_esac
ok   parse/missing_fi
ok   parse/missing_then
ok   parse/newlines_ok
ok   parse/quotes_ok
ok   parse/redirect_no_target
ok   parse/redirs_ok
ok   parse/simple_ok
ok   parse/stray_dsemi
ok   parse/stray_paren
ok   parse/then_empty
ok   parse/trailing_andand
ok   parse/trailing_pipe
ok   parse/two_heredocs_ok
ok   parse/unterminated_backquote
ok   parse/unterminated_cmdsub
ok   parse/unterminated_dquote
ok   parse/unterminated_squote
PEND-ok   pending/background (waits on background jobs)
PEND-fail pending/cd_subshell (waits on chdir)
PEND-fail pending/child_stdin (waits on child stdin)
PEND-fail pending/heredoc (waits on redirection)
PEND-ok   pending/pid (waits on getpid)
PEND-fail pending/pipeline_status (waits on pipe)
PEND-fail pending/redirect_err (waits on redirection)
PEND-fail pending/redirect_out (waits on redirection)
PEND-fail pending/signal_status (waits on signal number)
PEND-fail pending/unset_env (waits on env unset)
ok   quote/backslash
ok   quote/continuation
ok   quote/dollar_single
ok   quote/double
ok   quote/dq_in_param
ok   quote/empty_args
ok   quote/mixed
ok   quote/newline_inside
ok   quote/single
ok   quote/special_chars
ok   quote/tab
ok   simple/assign_expansion
ok   simple/assign_only
ok   simple/assign_status
ok   simple/command_name_from_var
ok   simple/empty_command
ok   simple/external
ok   simple/external_args
ok   simple/external_env
ok   simple/not_found
ok   simple/path_search
ok   simple/persist_special
ok   simple/readonly_assign
ok   simple/slash_not_found
ok   simple/temp_builtin
ok   split/cmdsub
ok   split/colon
ok   split/default
ok   split/empty_ifs
ok   split/empty_unquoted
ok   split/ifs_digits
ok   split/joined_word
ok   split/leading_colon
ok   split/literal_not_split
ok   split/mixed_ifs
ok   split/quoted
ok   split/unset_ifs
ok   tilde/assign
ok   tilde/home
PEND-fail tilde/middle (waits on redirection)
ok   tilde/unset_home
PEND-fail tilde/user (waits on user database)
difftest: area        pass  fail  pending (of which pass)
difftest: arith         19     0     0 (0)
difftest: builtin       52     0     3 (0)
difftest: cmdsub        11     0     1 (0)
difftest: control       20     0     2 (1)
difftest: func          12     0     1 (0)
difftest: glob          12     0     0 (0)
difftest: option        15     0     0 (0)
difftest: param         29     0     0 (0)
difftest: parse         34     0     0 (0)
difftest: pending        0     0    10 (2)
difftest: quote         11     0     0 (0)
difftest: simple        14     0     0 (0)
difftest: split         12     0     0 (0)
difftest: tilde          3     0     2 (0)
difftest: total        244     0    19 (3)
release rc=0
difftest-selftest: right exits 0 as it must
difftest-selftest: wrong exits 1 as it must
difftest-selftest: unlisted exits 1 as it must
selftest rc=0
