difftest: pelt = /home/mfwolffe/lanes/sh01/old/target/native/pelt
difftest: oracle = dash 0.5.13.4-1.1 — the oracle of record (kasumi, CachyOS linux x86-64, /usr/bin/dash sha256 c6221703b6197ce2…)
ok   builtin/bracket
ok   builtin/break_n
ok   builtin/break_outside
PEND-fail builtin/cd (waits on chdir)
ok   builtin/colon_true_false
ok   builtin/command_bypass
ok   builtin/command_v
ok   builtin/continue_n
PEND-fail builtin/dot (waits on redirection)
ok   builtin/echo_escapes
ok   builtin/echo_n
ok   builtin/eval
ok   builtin/eval_syntax_error
ok   builtin/exec
ok   builtin/exit_code
ok   builtin/exit_default
ok   builtin/exit_in_function
ok   builtin/export_p
ok   builtin/getopts
ok   builtin/getopts_bad
ok   builtin/local
ok   builtin/printf_b
ok   builtin/printf_bad_number
ok   builtin/printf_char_value
ok   builtin/printf_escapes
ok   builtin/printf_formats
ok   builtin/printf_reuse
ok   builtin/printf_unsigned
ok   builtin/printf_width_star
ok   builtin/printf_zero_pad
ok   builtin/pwd
ok   builtin/read
ok   builtin/read_ifs
ok   builtin/read_raw
ok   builtin/readonly_error
ok   builtin/readonly_p
ok   builtin/return_status
ok   builtin/return_top
ok   builtin/set_positional
ok   builtin/shift
ok   builtin/shift_error
ok   builtin/test_errors
ok   builtin/test_files
ok   builtin/test_integers
ok   builtin/test_logic
FAIL builtin/test_string_order: stdout, stderr present
     pelt stdout: b'2\n2\n'
     want stdout: b'lt\ngt\n0\n0\n'
     pelt stderr: b'pelt: ../s.sh: line 1: test: <: unexpected operand\npelt: ../s.sh: line 2: test: >: unexpected operand\npelt: ../s.sh: line 3: test: <: unexpected operand\npelt: ../s.sh: line 4: test: <: unexpected operand\n'
ok   builtin/test_strings
PEND-fail builtin/times (waits on redirection)
ok   builtin/trap_exit
ok   builtin/trap_exit_status
ok   builtin/trap_in_exit
ok   builtin/trap_print
ok   builtin/trap_reset
ok   builtin/unset
ok   builtin/unset_readonly
ok   param/alternative
ok   param/assign
ok   param/assign_positional_error
ok   param/at_empty
ok   param/at_in_word
ok   param/at_star
ok   param/bad_substitution
ok   param/concat
ok   param/default
ok   param/default_split
ok   param/dollar_alone
ok   param/error_null
ok   param/error_unset
ok   param/ifs_star
ok   param/length
FAIL param/length_all: stdout
     pelt stdout: b'3 3 3\n0\n'
     want stdout: b'5 5 3\n0\n'
ok   param/lineno
ok   param/nested
ok   param/positional
ok   param/simple
ok   param/status
ok   param/ten
ok   param/trim_prefix
ok   param/trim_quoted
ok   param/trim_suffix
ok   param/trim_var_pattern
ok   param/underscore_names
ok   param/unset_var
ok   param/zero
ok   parse/arith_ok
ok   parse/bad_funcname
ok   parse/bang_ok
ok   parse/case_no_in
ok   parse/cmdsub_nested_ok
ok   parse/comments_ok
ok   parse/compound_ok
ok   parse/continuation_ok
ok   parse/done_late
ok   parse/empty_brace
ok   parse/fi_unexpected
ok   parse/for_bad_name
ok   parse/func_simple_body
ok   parse/heredoc_ok
ok   parse/leading_semicolon
ok   parse/missing_done
ok   parse/missing_esac
ok   parse/missing_fi
ok   parse/missing_then
ok   parse/newlines_ok
ok   parse/quotes_ok
ok   parse/redirect_no_target
ok   parse/redirs_ok
ok   parse/simple_ok
ok   parse/stray_dsemi
ok   parse/stray_paren
ok   parse/then_empty
ok   parse/trailing_andand
ok   parse/trailing_pipe
ok   parse/two_heredocs_ok
ok   parse/unterminated_backquote
ok   parse/unterminated_cmdsub
ok   parse/unterminated_dquote
ok   parse/unterminated_squote
ok   quote/backslash
ok   quote/continuation
ok   quote/dollar_single
ok   quote/double
ok   quote/dq_in_param
ok   quote/empty_args
ok   quote/mixed
ok   quote/newline_inside
ok   quote/single
ok   quote/special_chars
ok   quote/tab
difftest: area        pass  fail  pending (of which pass)
difftest: builtin       51     1     3 (0)
difftest: param         28     1     0 (0)
difftest: parse         34     0     0 (0)
difftest: quote         11     0     0 (0)
difftest: total        124     2     3 (0)
